[33468] 2026/07/25 10:05:12.306534 [INF] Starting nats-server
[33468] 2026/07/25 10:05:12.306638 [INF]   Version:  2.14.3
[33468] 2026/07/25 10:05:12.306645 [INF]   Git:      [9b17a58]
[33468] 2026/07/25 10:05:12.306648 [INF]   Name:     NDCRXOZ7UAHKVRVCXDYBOTAZVC6TCGIDHJSUEF7P2AKQSEFHZC4WHMQV
[33468] 2026/07/25 10:05:12.306660 [INF]   Node:     aaPpUtw4
[33468] 2026/07/25 10:05:12.306663 [INF]   ID:       NDCRXOZ7UAHKVRVCXDYBOTAZVC6TCGIDHJSUEF7P2AKQSEFHZC4WHMQV
[33468] 2026/07/25 10:05:12.312126 [INF] Starting http monitor on 0.0.0.0:8322
[33468] 2026/07/25 10:05:12.312374 [INF] Starting JetStream
[33468] 2026/07/25 10:05:12.312571 [INF]     _ ___ _____ ___ _____ ___ ___   _   __  __
[33468] 2026/07/25 10:05:12.312578 [INF]  _ | | __|_   _/ __|_   _| _ \ __| /_\ |  \/  |
[33468] 2026/07/25 10:05:12.312580 [INF] | || | _|  | | \__ \ | | |   / _| / _ \| |\/| |
[33468] 2026/07/25 10:05:12.312582 [INF]  \__/|___| |_| |___/ |_| |_|_\___/_/ \_\_|  |_|
[33468] 2026/07/25 10:05:12.312584 [INF] 
[33468] 2026/07/25 10:05:12.312586 [INF]          https://docs.nats.io/jetstream
[33468] 2026/07/25 10:05:12.312588 [INF] 
[33468] 2026/07/25 10:05:12.312590 [INF] ---------------- JETSTREAM ----------------
[33468] 2026/07/25 10:05:12.312593 [INF]   Strict:          true
[33468] 2026/07/25 10:05:12.312597 [INF]   Max Memory:      2.97 GB
[33468] 2026/07/25 10:05:12.312600 [INF]   Max Storage:     652.75 GB
[33468] 2026/07/25 10:05:12.312603 [INF]   Store Directory: "/home/andrea/nephtys-pi-bench/run/jetstream/jetstream"
[33468] 2026/07/25 10:05:12.312605 [INF]   API Level:       4
[33468] 2026/07/25 10:05:12.312607 [INF] -------------------------------------------
[33468] 2026/07/25 10:05:12.312878 [INF] Took 498.296µs to start JetStream
[33468] 2026/07/25 10:05:12.317379 [INF] Listening for client connections on 0.0.0.0:4322
[33468] 2026/07/25 10:05:12.317694 [INF] Server is ready
