[65669] 2026/07/25 10:28:19.247121 [INF] Starting nats-server
[65669] 2026/07/25 10:28:19.247224 [INF]   Version:  2.14.3
[65669] 2026/07/25 10:28:19.247229 [INF]   Git:      [9b17a58]
[65669] 2026/07/25 10:28:19.247233 [INF]   Name:     NDKGSDIEUJJKIZINUYVFQUHTSRTRJ6DWFEYCWZDGUDKQOCICWPEVP67J
[65669] 2026/07/25 10:28:19.247242 [INF]   Node:     Ilu6EgyP
[65669] 2026/07/25 10:28:19.247245 [INF]   ID:       NDKGSDIEUJJKIZINUYVFQUHTSRTRJ6DWFEYCWZDGUDKQOCICWPEVP67J
[65669] 2026/07/25 10:28:19.252484 [INF] Starting http monitor on 0.0.0.0:8322
[65669] 2026/07/25 10:28:19.252698 [INF] Starting JetStream
[65669] 2026/07/25 10:28:19.252910 [INF]     _ ___ _____ ___ _____ ___ ___   _   __  __
[65669] 2026/07/25 10:28:19.252918 [INF]  _ | | __|_   _/ __|_   _| _ \ __| /_\ |  \/  |
[65669] 2026/07/25 10:28:19.252920 [INF] | || | _|  | | \__ \ | | |   / _| / _ \| |\/| |
[65669] 2026/07/25 10:28:19.252922 [INF]  \__/|___| |_| |___/ |_| |_|_\___/_/ \_\_|  |_|
[65669] 2026/07/25 10:28:19.252924 [INF] 
[65669] 2026/07/25 10:28:19.252926 [INF]          https://docs.nats.io/jetstream
[65669] 2026/07/25 10:28:19.252928 [INF] 
[65669] 2026/07/25 10:28:19.252930 [INF] ---------------- JETSTREAM ----------------
[65669] 2026/07/25 10:28:19.252932 [INF]   Strict:          true
[65669] 2026/07/25 10:28:19.252937 [INF]   Max Memory:      2.97 GB
[65669] 2026/07/25 10:28:19.252940 [INF]   Max Storage:     652.75 GB
[65669] 2026/07/25 10:28:19.252942 [INF]   Store Directory: "/home/andrea/nephtys-pi-bench/run/jetstream/jetstream"
[65669] 2026/07/25 10:28:19.252945 [INF]   API Level:       4
[65669] 2026/07/25 10:28:19.252954 [INF] -------------------------------------------
[65669] 2026/07/25 10:28:19.253232 [INF] Took 529.074µs to start JetStream
[65669] 2026/07/25 10:28:19.257718 [INF] Listening for client connections on 0.0.0.0:4322
[65669] 2026/07/25 10:28:19.258018 [INF] Server is ready
