[25013] 2026/07/25 09:57:46.076886 [INF] Starting nats-server
[25013] 2026/07/25 09:57:46.076964 [INF]   Version:  2.14.3
[25013] 2026/07/25 09:57:46.076968 [INF]   Git:      [9b17a58]
[25013] 2026/07/25 09:57:46.076970 [INF]   Name:     NAWNYLQDPT7RVP35OTNMKLRX3SNQIIFGOKTW2JBT7KEJ7D64L5S26RLO
[25013] 2026/07/25 09:57:46.076992 [INF]   Node:     ilxNAerb
[25013] 2026/07/25 09:57:46.076993 [INF]   ID:       NAWNYLQDPT7RVP35OTNMKLRX3SNQIIFGOKTW2JBT7KEJ7D64L5S26RLO
[25013] 2026/07/25 09:57:46.081134 [INF] Starting http monitor on 0.0.0.0:8322
[25013] 2026/07/25 09:57:46.081288 [INF] Starting JetStream
[25013] 2026/07/25 09:57:46.081484 [INF]     _ ___ _____ ___ _____ ___ ___   _   __  __
[25013] 2026/07/25 09:57:46.081491 [INF]  _ | | __|_   _/ __|_   _| _ \ __| /_\ |  \/  |
[25013] 2026/07/25 09:57:46.081492 [INF] | || | _|  | | \__ \ | | |   / _| / _ \| |\/| |
[25013] 2026/07/25 09:57:46.081494 [INF]  \__/|___| |_| |___/ |_| |_|_\___/_/ \_\_|  |_|
[25013] 2026/07/25 09:57:46.081495 [INF] 
[25013] 2026/07/25 09:57:46.081497 [INF]          https://docs.nats.io/jetstream
[25013] 2026/07/25 09:57:46.081498 [INF] 
[25013] 2026/07/25 09:57:46.081500 [INF] ---------------- JETSTREAM ----------------
[25013] 2026/07/25 09:57:46.081501 [INF]   Strict:          true
[25013] 2026/07/25 09:57:46.081504 [INF]   Max Memory:      2.97 GB
[25013] 2026/07/25 09:57:46.081507 [INF]   Max Storage:     652.75 GB
[25013] 2026/07/25 09:57:46.081508 [INF]   Store Directory: "/home/andrea/nephtys-pi-bench/run/jetstream/jetstream"
[25013] 2026/07/25 09:57:46.081510 [INF]   API Level:       4
[25013] 2026/07/25 09:57:46.081512 [INF] -------------------------------------------
[25013] 2026/07/25 09:57:46.081758 [INF] Took 466.462µs to start JetStream
[25013] 2026/07/25 09:57:46.085144 [INF] Listening for client connections on 0.0.0.0:4322
[25013] 2026/07/25 09:57:46.085375 [INF] Server is ready
