[41688] 2026/07/25 10:10:59.289974 [INF] Starting nats-server
[41688] 2026/07/25 10:10:59.290081 [INF]   Version:  2.14.3
[41688] 2026/07/25 10:10:59.290086 [INF]   Git:      [9b17a58]
[41688] 2026/07/25 10:10:59.290089 [INF]   Name:     NCAXRFD3FUICXSX5ARUXEGJGAJ76C3IIHDONST22PJ6E5AY6JG55ICPM
[41688] 2026/07/25 10:10:59.290099 [INF]   Node:     4TTZ2gE8
[41688] 2026/07/25 10:10:59.290101 [INF]   ID:       NCAXRFD3FUICXSX5ARUXEGJGAJ76C3IIHDONST22PJ6E5AY6JG55ICPM
[41688] 2026/07/25 10:10:59.295193 [INF] Starting http monitor on 0.0.0.0:8322
[41688] 2026/07/25 10:10:59.295397 [INF] Starting JetStream
[41688] 2026/07/25 10:10:59.295610 [INF]     _ ___ _____ ___ _____ ___ ___   _   __  __
[41688] 2026/07/25 10:10:59.295617 [INF]  _ | | __|_   _/ __|_   _| _ \ __| /_\ |  \/  |
[41688] 2026/07/25 10:10:59.295620 [INF] | || | _|  | | \__ \ | | |   / _| / _ \| |\/| |
[41688] 2026/07/25 10:10:59.295622 [INF]  \__/|___| |_| |___/ |_| |_|_\___/_/ \_\_|  |_|
[41688] 2026/07/25 10:10:59.295624 [INF] 
[41688] 2026/07/25 10:10:59.295626 [INF]          https://docs.nats.io/jetstream
[41688] 2026/07/25 10:10:59.295628 [INF] 
[41688] 2026/07/25 10:10:59.295630 [INF] ---------------- JETSTREAM ----------------
[41688] 2026/07/25 10:10:59.295633 [INF]   Strict:          true
[41688] 2026/07/25 10:10:59.295637 [INF]   Max Memory:      2.97 GB
[41688] 2026/07/25 10:10:59.295640 [INF]   Max Storage:     652.75 GB
[41688] 2026/07/25 10:10:59.295642 [INF]   Store Directory: "/home/andrea/nephtys-pi-bench/run/jetstream/jetstream"
[41688] 2026/07/25 10:10:59.295645 [INF]   API Level:       4
[41688] 2026/07/25 10:10:59.295647 [INF] -------------------------------------------
[41688] 2026/07/25 10:10:59.296029 [INF] Took 626.962µs to start JetStream
[41688] 2026/07/25 10:10:59.300435 [INF] Listening for client connections on 0.0.0.0:4322
[41688] 2026/07/25 10:10:59.300727 [INF] Server is ready
