[25616] 2026/07/25 09:59:26.352731 [INF] Starting nats-server
[25616] 2026/07/25 09:59:26.352823 [INF]   Version:  2.14.3
[25616] 2026/07/25 09:59:26.352829 [INF]   Git:      [9b17a58]
[25616] 2026/07/25 09:59:26.352832 [INF]   Name:     NBP7KT7A6UTYBKE3S4A7ETMHB2IPHH3P6ZRUBC7G5UQP45GMEHYSUHKL
[25616] 2026/07/25 09:59:26.352840 [INF]   Node:     6En4grDm
[25616] 2026/07/25 09:59:26.352843 [INF]   ID:       NBP7KT7A6UTYBKE3S4A7ETMHB2IPHH3P6ZRUBC7G5UQP45GMEHYSUHKL
[25616] 2026/07/25 09:59:26.358003 [INF] Starting http monitor on 0.0.0.0:8322
[25616] 2026/07/25 09:59:26.358207 [INF] Starting JetStream
[25616] 2026/07/25 09:59:26.358430 [INF]     _ ___ _____ ___ _____ ___ ___   _   __  __
[25616] 2026/07/25 09:59:26.358438 [INF]  _ | | __|_   _/ __|_   _| _ \ __| /_\ |  \/  |
[25616] 2026/07/25 09:59:26.358441 [INF] | || | _|  | | \__ \ | | |   / _| / _ \| |\/| |
[25616] 2026/07/25 09:59:26.358443 [INF]  \__/|___| |_| |___/ |_| |_|_\___/_/ \_\_|  |_|
[25616] 2026/07/25 09:59:26.358445 [INF] 
[25616] 2026/07/25 09:59:26.358447 [INF]          https://docs.nats.io/jetstream
[25616] 2026/07/25 09:59:26.358449 [INF] 
[25616] 2026/07/25 09:59:26.358451 [INF] ---------------- JETSTREAM ----------------
[25616] 2026/07/25 09:59:26.358453 [INF]   Strict:          true
[25616] 2026/07/25 09:59:26.358457 [INF]   Max Memory:      2.97 GB
[25616] 2026/07/25 09:59:26.358460 [INF]   Max Storage:     652.75 GB
[25616] 2026/07/25 09:59:26.358462 [INF]   Store Directory: "/home/andrea/nephtys-pi-bench/run/jetstream/jetstream"
[25616] 2026/07/25 09:59:26.358465 [INF]   API Level:       4
[25616] 2026/07/25 09:59:26.358467 [INF] -------------------------------------------
[25616] 2026/07/25 09:59:26.358746 [INF] Took 534.388µs to start JetStream
[25616] 2026/07/25 09:59:26.363141 [INF] Listening for client connections on 0.0.0.0:4322
[25616] 2026/07/25 09:59:26.363439 [INF] Server is ready
