[49895] 2026/07/25 10:16:46.339783 [INF] Starting nats-server
[49895] 2026/07/25 10:16:46.339877 [INF]   Version:  2.14.3
[49895] 2026/07/25 10:16:46.339882 [INF]   Git:      [9b17a58]
[49895] 2026/07/25 10:16:46.339885 [INF]   Name:     NDG5RCXBGUB4CFPHTU6OMJSXUMB76LKIN4FGVSVKYTU7QJETR7JD2FMS
[49895] 2026/07/25 10:16:46.339894 [INF]   Node:     2gUL6Jru
[49895] 2026/07/25 10:16:46.339896 [INF]   ID:       NDG5RCXBGUB4CFPHTU6OMJSXUMB76LKIN4FGVSVKYTU7QJETR7JD2FMS
[49895] 2026/07/25 10:16:46.344953 [INF] Starting http monitor on 0.0.0.0:8322
[49895] 2026/07/25 10:16:46.345164 [INF] Starting JetStream
[49895] 2026/07/25 10:16:46.345378 [INF]     _ ___ _____ ___ _____ ___ ___   _   __  __
[49895] 2026/07/25 10:16:46.345385 [INF]  _ | | __|_   _/ __|_   _| _ \ __| /_\ |  \/  |
[49895] 2026/07/25 10:16:46.345388 [INF] | || | _|  | | \__ \ | | |   / _| / _ \| |\/| |
[49895] 2026/07/25 10:16:46.345390 [INF]  \__/|___| |_| |___/ |_| |_|_\___/_/ \_\_|  |_|
[49895] 2026/07/25 10:16:46.345392 [INF] 
[49895] 2026/07/25 10:16:46.345394 [INF]          https://docs.nats.io/jetstream
[49895] 2026/07/25 10:16:46.345396 [INF] 
[49895] 2026/07/25 10:16:46.345398 [INF] ---------------- JETSTREAM ----------------
[49895] 2026/07/25 10:16:46.345400 [INF]   Strict:          true
[49895] 2026/07/25 10:16:46.345405 [INF]   Max Memory:      2.97 GB
[49895] 2026/07/25 10:16:46.345408 [INF]   Max Storage:     652.75 GB
[49895] 2026/07/25 10:16:46.345410 [INF]   Store Directory: "/home/andrea/nephtys-pi-bench/run/jetstream/jetstream"
[49895] 2026/07/25 10:16:46.345413 [INF]   API Level:       4
[49895] 2026/07/25 10:16:46.345415 [INF] -------------------------------------------
[49895] 2026/07/25 10:16:46.345722 [INF] Took 552.593µs to start JetStream
[49895] 2026/07/25 10:16:46.350137 [INF] Listening for client connections on 0.0.0.0:4322
[49895] 2026/07/25 10:16:46.350472 [INF] Server is ready
