[25289] 2026/07/25 09:58:35.909421 [INF] Starting nats-server
[25289] 2026/07/25 09:58:35.909511 [INF]   Version:  2.14.3
[25289] 2026/07/25 09:58:35.909517 [INF]   Git:      [9b17a58]
[25289] 2026/07/25 09:58:35.909520 [INF]   Name:     ND4JZPPUCOX3XAR6JG2AAQFFDZ7UBGAOG6YKAFQBKSZFX63VTEMQG74R
[25289] 2026/07/25 09:58:35.909529 [INF]   Node:     ZOJXFFxr
[25289] 2026/07/25 09:58:35.909531 [INF]   ID:       ND4JZPPUCOX3XAR6JG2AAQFFDZ7UBGAOG6YKAFQBKSZFX63VTEMQG74R
[25289] 2026/07/25 09:58:35.914642 [INF] Starting http monitor on 0.0.0.0:8322
[25289] 2026/07/25 09:58:35.914852 [INF] Starting JetStream
[25289] 2026/07/25 09:58:35.915070 [INF]     _ ___ _____ ___ _____ ___ ___   _   __  __
[25289] 2026/07/25 09:58:35.915078 [INF]  _ | | __|_   _/ __|_   _| _ \ __| /_\ |  \/  |
[25289] 2026/07/25 09:58:35.915080 [INF] | || | _|  | | \__ \ | | |   / _| / _ \| |\/| |
[25289] 2026/07/25 09:58:35.915082 [INF]  \__/|___| |_| |___/ |_| |_|_\___/_/ \_\_|  |_|
[25289] 2026/07/25 09:58:35.915084 [INF] 
[25289] 2026/07/25 09:58:35.915086 [INF]          https://docs.nats.io/jetstream
[25289] 2026/07/25 09:58:35.915088 [INF] 
[25289] 2026/07/25 09:58:35.915090 [INF] ---------------- JETSTREAM ----------------
[25289] 2026/07/25 09:58:35.915093 [INF]   Strict:          true
[25289] 2026/07/25 09:58:35.915097 [INF]   Max Memory:      2.97 GB
[25289] 2026/07/25 09:58:35.915100 [INF]   Max Storage:     652.75 GB
[25289] 2026/07/25 09:58:35.915102 [INF]   Store Directory: "/home/andrea/nephtys-pi-bench/run/jetstream/jetstream"
[25289] 2026/07/25 09:58:35.915105 [INF]   API Level:       4
[25289] 2026/07/25 09:58:35.915108 [INF] -------------------------------------------
[25289] 2026/07/25 09:58:35.915398 [INF] Took 541.185µs to start JetStream
[25289] 2026/07/25 09:58:35.919581 [INF] Listening for client connections on 0.0.0.0:4322
[25289] 2026/07/25 09:58:35.919842 [INF] Server is ready
