[57784] 2026/07/25 10:22:32.947416 [INF] Starting nats-server
[57784] 2026/07/25 10:22:32.947497 [INF]   Version:  2.14.3
[57784] 2026/07/25 10:22:32.947502 [INF]   Git:      [9b17a58]
[57784] 2026/07/25 10:22:32.947506 [INF]   Name:     NAZUBRPHLHR655SS6QRX7LPOSQBTN6RRGD7GI5AHXNQDJVHILRBZA7QZ
[57784] 2026/07/25 10:22:32.947515 [INF]   Node:     2dCDPSTM
[57784] 2026/07/25 10:22:32.947517 [INF]   ID:       NAZUBRPHLHR655SS6QRX7LPOSQBTN6RRGD7GI5AHXNQDJVHILRBZA7QZ
[57784] 2026/07/25 10:22:32.952717 [INF] Starting http monitor on 0.0.0.0:8322
[57784] 2026/07/25 10:22:32.952956 [INF] Starting JetStream
[57784] 2026/07/25 10:22:32.953149 [INF]     _ ___ _____ ___ _____ ___ ___   _   __  __
[57784] 2026/07/25 10:22:32.953156 [INF]  _ | | __|_   _/ __|_   _| _ \ __| /_\ |  \/  |
[57784] 2026/07/25 10:22:32.953158 [INF] | || | _|  | | \__ \ | | |   / _| / _ \| |\/| |
[57784] 2026/07/25 10:22:32.953161 [INF]  \__/|___| |_| |___/ |_| |_|_\___/_/ \_\_|  |_|
[57784] 2026/07/25 10:22:32.953162 [INF] 
[57784] 2026/07/25 10:22:32.953165 [INF]          https://docs.nats.io/jetstream
[57784] 2026/07/25 10:22:32.953166 [INF] 
[57784] 2026/07/25 10:22:32.953168 [INF] ---------------- JETSTREAM ----------------
[57784] 2026/07/25 10:22:32.953171 [INF]   Strict:          true
[57784] 2026/07/25 10:22:32.953175 [INF]   Max Memory:      2.97 GB
[57784] 2026/07/25 10:22:32.953178 [INF]   Max Storage:     652.75 GB
[57784] 2026/07/25 10:22:32.953181 [INF]   Store Directory: "/home/andrea/nephtys-pi-bench/run/jetstream/jetstream"
[57784] 2026/07/25 10:22:32.953183 [INF]   API Level:       4
[57784] 2026/07/25 10:22:32.953185 [INF] -------------------------------------------
[57784] 2026/07/25 10:22:32.953460 [INF] Took 499.444µs to start JetStream
[57784] 2026/07/25 10:22:32.957927 [INF] Listening for client connections on 0.0.0.0:4322
[57784] 2026/07/25 10:22:32.958224 [INF] Server is ready
